// Jest Snapshot v1, https://goo.gl/fbAQLP

exports[`App snapshot logs in with test user 1`] = `
ShallowWrapper {
  Symbol(enzyme.__root__): [Circular],
  Symbol(enzyme.__unrendered__): <LoginScreen />,
  Symbol(enzyme.__renderer__): Object {
    "batchedUpdates": [Function],
    "getNode": [Function],
    "render": [Function],
    "simulateError": [Function],
    "simulateEvent": [Function],
    "unmount": [Function],
  },
  Symbol(enzyme.__node__): Object {
    "instance": null,
    "key": undefined,
    "nodeType": "class",
    "props": Object {
      "children": Array [
        <Image
          source={1}
          style={
            Object {
              "marginBottom": 100,
            }
          }
        />,
        <TouchableOpacity
          activeOpacity={0.2}
          id="login-button"
          onPress={[Function]}
          style={
            Object {
              "alignItems": "center",
              "backgroundColor": "#3b5999",
              "borderRadius": 4,
              "flexDirection": "row",
              "justifyContent": "center",
            }
          }
        >
          &gt;
          <Image
            source={1}
            style={
              Object {
                "margin": 8,
              }
            }
          />
          <Text
            accessible={true}
            allowFontScaling={true}
            ellipsizeMode="tail"
            style={
              Object {
                "color": "white",
                "margin": 8,
              }
            }
          >
            LOGIN THROUGH FACEBOOK
          </Text>
        </TouchableOpacity>,
      ],
      "style": Object {
        "alignItems": "center",
        "backgroundColor": "#fff",
        "flex": 1,
        "justifyContent": "center",
      },
    },
    "ref": null,
    "rendered": Array [
      Object {
        "instance": null,
        "key": undefined,
        "nodeType": "class",
        "props": Object {
          "source": 1,
          "style": Object {
            "marginBottom": 100,
          },
        },
        "ref": null,
        "rendered": null,
        "type": [Function],
      },
      Object {
        "instance": null,
        "key": undefined,
        "nodeType": "class",
        "props": Object {
          "activeOpacity": 0.2,
          "children": Array [
            ">",
            <Image
              source={1}
              style={
                Object {
                  "margin": 8,
                }
              }
            />,
            <Text
              accessible={true}
              allowFontScaling={true}
              ellipsizeMode="tail"
              style={
                Object {
                  "color": "white",
                  "margin": 8,
                }
              }
            >
              LOGIN THROUGH FACEBOOK
            </Text>,
          ],
          "id": "login-button",
          "onPress": [Function],
          "style": Object {
            "alignItems": "center",
            "backgroundColor": "#3b5999",
            "borderRadius": 4,
            "flexDirection": "row",
            "justifyContent": "center",
          },
        },
        "ref": null,
        "rendered": Array [
          ">",
          Object {
            "instance": null,
            "key": undefined,
            "nodeType": "class",
            "props": Object {
              "source": 1,
              "style": Object {
                "margin": 8,
              },
            },
            "ref": null,
            "rendered": null,
            "type": [Function],
          },
          Object {
            "instance": null,
            "key": undefined,
            "nodeType": "class",
            "props": Object {
              "accessible": true,
              "allowFontScaling": true,
              "children": "LOGIN THROUGH FACEBOOK",
              "ellipsizeMode": "tail",
              "style": Object {
                "color": "white",
                "margin": 8,
              },
            },
            "ref": null,
            "rendered": "LOGIN THROUGH FACEBOOK",
            "type": [Function],
          },
        ],
        "type": [Function],
      },
    ],
    "type": [Function],
  },
  Symbol(enzyme.__nodes__): Array [
    Object {
      "instance": null,
      "key": undefined,
      "nodeType": "class",
      "props": Object {
        "children": Array [
          <Image
            source={1}
            style={
              Object {
                "marginBottom": 100,
              }
            }
          />,
          <TouchableOpacity
            activeOpacity={0.2}
            id="login-button"
            onPress={[Function]}
            style={
              Object {
                "alignItems": "center",
                "backgroundColor": "#3b5999",
                "borderRadius": 4,
                "flexDirection": "row",
                "justifyContent": "center",
              }
            }
          >
            &gt;
            <Image
              source={1}
              style={
                Object {
                  "margin": 8,
                }
              }
            />
            <Text
              accessible={true}
              allowFontScaling={true}
              ellipsizeMode="tail"
              style={
                Object {
                  "color": "white",
                  "margin": 8,
                }
              }
            >
              LOGIN THROUGH FACEBOOK
            </Text>
          </TouchableOpacity>,
        ],
        "style": Object {
          "alignItems": "center",
          "backgroundColor": "#fff",
          "flex": 1,
          "justifyContent": "center",
        },
      },
      "ref": null,
      "rendered": Array [
        Object {
          "instance": null,
          "key": undefined,
          "nodeType": "class",
          "props": Object {
            "source": 1,
            "style": Object {
              "marginBottom": 100,
            },
          },
          "ref": null,
          "rendered": null,
          "type": [Function],
        },
        Object {
          "instance": null,
          "key": undefined,
          "nodeType": "class",
          "props": Object {
            "activeOpacity": 0.2,
            "children": Array [
              ">",
              <Image
                source={1}
                style={
                  Object {
                    "margin": 8,
                  }
                }
              />,
              <Text
                accessible={true}
                allowFontScaling={true}
                ellipsizeMode="tail"
                style={
                  Object {
                    "color": "white",
                    "margin": 8,
                  }
                }
              >
                LOGIN THROUGH FACEBOOK
              </Text>,
            ],
            "id": "login-button",
            "onPress": [Function],
            "style": Object {
              "alignItems": "center",
              "backgroundColor": "#3b5999",
              "borderRadius": 4,
              "flexDirection": "row",
              "justifyContent": "center",
            },
          },
          "ref": null,
          "rendered": Array [
            ">",
            Object {
              "instance": null,
              "key": undefined,
              "nodeType": "class",
              "props": Object {
                "source": 1,
                "style": Object {
                  "margin": 8,
                },
              },
              "ref": null,
              "rendered": null,
              "type": [Function],
            },
            Object {
              "instance": null,
              "key": undefined,
              "nodeType": "class",
              "props": Object {
                "accessible": true,
                "allowFontScaling": true,
                "children": "LOGIN THROUGH FACEBOOK",
                "ellipsizeMode": "tail",
                "style": Object {
                  "color": "white",
                  "margin": 8,
                },
              },
              "ref": null,
              "rendered": "LOGIN THROUGH FACEBOOK",
              "type": [Function],
            },
          ],
          "type": [Function],
        },
      ],
      "type": [Function],
    },
  ],
  Symbol(enzyme.__options__): Object {
    "adapter": ReactSixteenAdapter {
      "options": Object {
        "enableComponentDidUpdateOnSetState": true,
        "lifecycles": Object {
          "componentDidUpdate": Object {
            "onSetState": true,
          },
          "getDerivedStateFromProps": true,
          "getSnapshotBeforeUpdate": true,
          "setState": Object {
            "skipsComponentDidUpdateOnNullish": true,
          },
        },
      },
    },
  },
}
`;

exports[`App snapshot renders the login screen 1`] = `
ShallowWrapper {
  Symbol(enzyme.__root__): [Circular],
  Symbol(enzyme.__unrendered__): <LoginScreen />,
  Symbol(enzyme.__renderer__): Object {
    "batchedUpdates": [Function],
    "getNode": [Function],
    "render": [Function],
    "simulateError": [Function],
    "simulateEvent": [Function],
    "unmount": [Function],
  },
  Symbol(enzyme.__node__): Object {
    "instance": null,
    "key": undefined,
    "nodeType": "class",
    "props": Object {
      "children": Array [
        <Image
          source={1}
          style={
            Object {
              "marginBottom": 100,
            }
          }
        />,
        <TouchableOpacity
          activeOpacity={0.2}
          id="login-button"
          onPress={[Function]}
          style={
            Object {
              "alignItems": "center",
              "backgroundColor": "#3b5999",
              "borderRadius": 4,
              "flexDirection": "row",
              "justifyContent": "center",
            }
          }
        >
          &gt;
          <Image
            source={1}
            style={
              Object {
                "margin": 8,
              }
            }
          />
          <Text
            accessible={true}
            allowFontScaling={true}
            ellipsizeMode="tail"
            style={
              Object {
                "color": "white",
                "margin": 8,
              }
            }
          >
            LOGIN THROUGH FACEBOOK
          </Text>
        </TouchableOpacity>,
      ],
      "style": Object {
        "alignItems": "center",
        "backgroundColor": "#fff",
        "flex": 1,
        "justifyContent": "center",
      },
    },
    "ref": null,
    "rendered": Array [
      Object {
        "instance": null,
        "key": undefined,
        "nodeType": "class",
        "props": Object {
          "source": 1,
          "style": Object {
            "marginBottom": 100,
          },
        },
        "ref": null,
        "rendered": null,
        "type": [Function],
      },
      Object {
        "instance": null,
        "key": undefined,
        "nodeType": "class",
        "props": Object {
          "activeOpacity": 0.2,
          "children": Array [
            ">",
            <Image
              source={1}
              style={
                Object {
                  "margin": 8,
                }
              }
            />,
            <Text
              accessible={true}
              allowFontScaling={true}
              ellipsizeMode="tail"
              style={
                Object {
                  "color": "white",
                  "margin": 8,
                }
              }
            >
              LOGIN THROUGH FACEBOOK
            </Text>,
          ],
          "id": "login-button",
          "onPress": [Function],
          "style": Object {
            "alignItems": "center",
            "backgroundColor": "#3b5999",
            "borderRadius": 4,
            "flexDirection": "row",
            "justifyContent": "center",
          },
        },
        "ref": null,
        "rendered": Array [
          ">",
          Object {
            "instance": null,
            "key": undefined,
            "nodeType": "class",
            "props": Object {
              "source": 1,
              "style": Object {
                "margin": 8,
              },
            },
            "ref": null,
            "rendered": null,
            "type": [Function],
          },
          Object {
            "instance": null,
            "key": undefined,
            "nodeType": "class",
            "props": Object {
              "accessible": true,
              "allowFontScaling": true,
              "children": "LOGIN THROUGH FACEBOOK",
              "ellipsizeMode": "tail",
              "style": Object {
                "color": "white",
                "margin": 8,
              },
            },
            "ref": null,
            "rendered": "LOGIN THROUGH FACEBOOK",
            "type": [Function],
          },
        ],
        "type": [Function],
      },
    ],
    "type": [Function],
  },
  Symbol(enzyme.__nodes__): Array [
    Object {
      "instance": null,
      "key": undefined,
      "nodeType": "class",
      "props": Object {
        "children": Array [
          <Image
            source={1}
            style={
              Object {
                "marginBottom": 100,
              }
            }
          />,
          <TouchableOpacity
            activeOpacity={0.2}
            id="login-button"
            onPress={[Function]}
            style={
              Object {
                "alignItems": "center",
                "backgroundColor": "#3b5999",
                "borderRadius": 4,
                "flexDirection": "row",
                "justifyContent": "center",
              }
            }
          >
            &gt;
            <Image
              source={1}
              style={
                Object {
                  "margin": 8,
                }
              }
            />
            <Text
              accessible={true}
              allowFontScaling={true}
              ellipsizeMode="tail"
              style={
                Object {
                  "color": "white",
                  "margin": 8,
                }
              }
            >
              LOGIN THROUGH FACEBOOK
            </Text>
          </TouchableOpacity>,
        ],
        "style": Object {
          "alignItems": "center",
          "backgroundColor": "#fff",
          "flex": 1,
          "justifyContent": "center",
        },
      },
      "ref": null,
      "rendered": Array [
        Object {
          "instance": null,
          "key": undefined,
          "nodeType": "class",
          "props": Object {
            "source": 1,
            "style": Object {
              "marginBottom": 100,
            },
          },
          "ref": null,
          "rendered": null,
          "type": [Function],
        },
        Object {
          "instance": null,
          "key": undefined,
          "nodeType": "class",
          "props": Object {
            "activeOpacity": 0.2,
            "children": Array [
              ">",
              <Image
                source={1}
                style={
                  Object {
                    "margin": 8,
                  }
                }
              />,
              <Text
                accessible={true}
                allowFontScaling={true}
                ellipsizeMode="tail"
                style={
                  Object {
                    "color": "white",
                    "margin": 8,
                  }
                }
              >
                LOGIN THROUGH FACEBOOK
              </Text>,
            ],
            "id": "login-button",
            "onPress": [Function],
            "style": Object {
              "alignItems": "center",
              "backgroundColor": "#3b5999",
              "borderRadius": 4,
              "flexDirection": "row",
              "justifyContent": "center",
            },
          },
          "ref": null,
          "rendered": Array [
            ">",
            Object {
              "instance": null,
              "key": undefined,
              "nodeType": "class",
              "props": Object {
                "source": 1,
                "style": Object {
                  "margin": 8,
                },
              },
              "ref": null,
              "rendered": null,
              "type": [Function],
            },
            Object {
              "instance": null,
              "key": undefined,
              "nodeType": "class",
              "props": Object {
                "accessible": true,
                "allowFontScaling": true,
                "children": "LOGIN THROUGH FACEBOOK",
                "ellipsizeMode": "tail",
                "style": Object {
                  "color": "white",
                  "margin": 8,
                },
              },
              "ref": null,
              "rendered": "LOGIN THROUGH FACEBOOK",
              "type": [Function],
            },
          ],
          "type": [Function],
        },
      ],
      "type": [Function],
    },
  ],
  Symbol(enzyme.__options__): Object {
    "adapter": ReactSixteenAdapter {
      "options": Object {
        "enableComponentDidUpdateOnSetState": true,
        "lifecycles": Object {
          "componentDidUpdate": Object {
            "onSetState": true,
          },
          "getDerivedStateFromProps": true,
          "getSnapshotBeforeUpdate": true,
          "setState": Object {
            "skipsComponentDidUpdateOnNullish": true,
          },
        },
      },
    },
  },
}
`;
